<html>
<body>
<pre>
<h1>µVision Build Log</h1>
<h2>Tool Versions:</h2>
IDE-Version: ¦ÌVision V5.35.0.0
Copyright (C) 2021 ARM Ltd and ARM Germany GmbH. All rights reserved.
License Information: jack wang, 1, LIC=RC93N-YVF6N-X7JRZ-J6QJ3-DWAZL-7C2CZ
 
Tool Versions:
Toolchain:       MDK-ARM Plus  Version: 5.35.0.2
Toolchain Path:  D:\SetUp\Keil_v5\ARM\ARMCC\Bin
C Compiler:      Armcc.exe V5.06 update 7 (build 960)
Assembler:       Armasm.exe V5.06 update 7 (build 960)
Linker/Locator:  ArmLink.exe V5.06 update 7 (build 960)
Library Manager: ArmAr.exe V5.06 update 7 (build 960)
Hex Converter:   FromElf.exe V5.06 update 7 (build 960)
CPU DLL:         SARMCM3.DLL V5.35.0.2
Dialog DLL:      DCM.DLL V1.17.3.0
Target DLL:      STLink\ST-LINKIII-KEIL_SWO.dll V3.0.9.0
Dialog DLL:      TCM.DLL V1.53.0.0
 
<h2>Project:</h2>
C:\Users\jack2\Desktop\STM32USB_Dev\TMY_WithRTOS_PCB_V0.4_C13\MDK-ARM\TMY_WithRTOS_PCB_V0.4_C13.uvprojx
Project File Date:  08/05/2022

<h2>Output:</h2>
*** Using Compiler 'V5.06 update 7 (build 960)', folder: 'D:\SetUp\Keil_v5\ARM\ARMCC\Bin'
Build target 'TMY_WithRTOS_PCB_V0.4_C13'
compiling page_mode.c...
..\Drivers\5_MidProcess\Src\page_mode.c(285): warning:  #940-D: missing return statement at end of non-void function "touch_btm_scan" 
  }
..\Drivers\5_MidProcess\Src\page_mode.c: 1 warning, 0 errors
linking...
Program Size: Code=60604 RO-data=3544 RW-data=2008 ZI-data=57680  
FromELF: creating hex file...
".\TMY_WithRTOS_PCB_V0.4_C13\TMY_WithRTOS_PCB_V0.4_C13" - 0 Error(s), 1 Warning(s).

<h2>Software Packages used:</h2>

Package Vendor: ARM
                http://www.keil.com/pack/ARM.CMSIS.5.7.0.pack
                ARM.CMSIS.5.7.0
                CMSIS (Cortex Microcontroller Software Interface Standard)
   * Component: CORE Version: 5.4.0
   * Component: DSP Variant: Library Version: 1.8.0

Package Vendor: Keil
                http://www.keil.com/pack/Keil.STM32F4xx_DFP.2.15.0.pack
                Keil.STM32F4xx_DFP.2.15.0
                STMicroelectronics STM32F4 Series Device Support, Drivers and Examples

<h2>Collection of Component include folders:</h2>
  .\RTE\_TMY_WithRTOS_PCB_V0.4_C13
  D:\SetUp\Keil_v5_Packs\ARM\CMSIS\5.7.0\CMSIS\Core\Include
  D:\SetUp\Keil_v5_Packs\ARM\CMSIS\5.7.0\CMSIS\DSP\Include
  D:\SetUp\Keil_v5_Packs\Keil\STM32F4xx_DFP\2.15.0\Drivers\CMSIS\Device\ST\STM32F4xx\Include

<h2>Collection of Component Files used:</h2>

   * Component: ARM::CMSIS:CORE:5.4.0

   * Component: ARM::CMSIS:DSP:Library:1.8.0
      Library file:  CMSIS\DSP\Lib\ARM\arm_cortexM4lf_math.lib
      Include file:  CMSIS\DSP\Include\arm_math.h
Build Time Elapsed:  00:00:07
</pre>
</body>
</html>
